// Vitest Snapshot v1, https://vitest.dev/guide/snapshot.html

exports[`Button Component > matches the snapshot 1`] = `
"<button class="btn primary">Click Me!</button>
<!-- Added '!' and new class -->"
`;
